datasets:
  all_fregs:
    f0: 0
    f1: 0
    f10: 0
    f11: 0
    f12: 0
    f13: 0
    f14: 0
    f15: 0
    f16: 0
    f17: 0
    f18: 0
    f19: 0
    f2: 0
    f20: 0
    f21: 0
    f22: 0
    f23: 0
    f24: 0
    f25: 0
    f26: 0
    f27: 0
    f28: 0
    f29: 0
    f3: 0
    f30: 0
    f31: 0
    f4: 0
    f5: 0
    f6: 0
    f7: 0
    f8: 0
    f9: 0
  all_regs:
    x0: 0
    x1: 0
    x10: 0
    x11: 0
    x12: 0
    x13: 0
    x14: 0
    x15: 0
    x16: 0
    x17: 0
    x18: 0
    x19: 0
    x2: 0
    x20: 0
    x21: 0
    x22: 0
    x23: 0
    x24: 0
    x25: 0
    x26: 0
    x27: 0
    x28: 0
    x29: 0
    x3: 0
    x30: 0
    x31: 0
    x4: 0
    x5: 0
    x6: 0
    x7: 0
    x8: 0
    x9: 0
  all_regs_mx0:
    x1: 0
    x10: 0
    x11: 0
    x12: 0
    x13: 0
    x14: 0
    x15: 0
    x16: 0
    x17: 0
    x18: 0
    x19: 0
    x2: 0
    x20: 0
    x21: 0
    x22: 0
    x23: 0
    x24: 0
    x25: 0
    x26: 0
    x27: 0
    x28: 0
    x29: 0
    x3: 0
    x30: 0
    x31: 0
    x4: 0
    x5: 0
    x6: 0
    x7: 0
    x8: 0
    x9: 0
  all_regs_mx2:
    x1: 0
    x10: 0
    x11: 0
    x12: 0
    x13: 0
    x14: 0
    x15: 0
    x16: 0
    x17: 0
    x18: 0
    x19: 0
    x20: 0
    x21: 0
    x22: 0
    x23: 0
    x24: 0
    x25: 0
    x26: 0
    x27: 0
    x28: 0
    x29: 0
    x3: 0
    x30: 0
    x31: 0
    x4: 0
    x5: 0
    x6: 0
    x7: 0
    x8: 0
    x9: 0
  base_rs1val_sgn:
    rs1_val == (-2**(xlen-1)): 0
    rs1_val == (2**(xlen-1)-1): 0
    rs1_val == 0: 0
    rs1_val == 1: 0
  base_rs1val_unsgn:
    rs1_val == (2**(xlen)-1): 0
    rs1_val == 0: 0
    rs1_val == 1: 0
  base_rs2val_sgn:
    rs2_val == (-2**(xlen-1)): 0
    rs2_val == (2**(xlen-1)-1): 0
    rs2_val == 0: 0
    rs2_val == 1: 0
  base_rs2val_unsgn:
    rs2_val == (2**(xlen)-1): 0
    rs2_val == 0: 0
    rs2_val == 1: 0
  bfmt_base_branch_val_align_sgn:
    rs1_val < 0 and rs2_val < 0 and imm_val & 0x03 == 0: 0
    rs1_val < 0 and rs2_val > 0 and imm_val & 0x03 == 0: 0
    rs1_val < rs2_val and imm_val < 0 and imm_val & 0x03 == 0: 0
    rs1_val < rs2_val and imm_val > 0 and imm_val & 0x03 == 0: 0
    rs1_val == rs2_val and imm_val < 0 and imm_val & 0x03 == 0: 0
    rs1_val == rs2_val and imm_val > 0 and imm_val & 0x03 == 0: 0
    rs1_val > 0 and rs2_val < 0 and imm_val & 0x03 == 0: 0
    rs1_val > 0 and rs2_val > 0 and imm_val & 0x03 == 0: 0
    rs1_val > rs2_val and imm_val < 0 and imm_val & 0x03 == 0: 0
    rs1_val > rs2_val and imm_val > 0 and imm_val & 0x03 == 0: 0
  bfmt_base_branch_val_align_unsgn:
    rs1_val > 0 and rs2_val > 0: 0
    'rs1_val > 0 and rs2_val > 0 and rs1_val < rs2_val and imm_val < 0 ': 0
    'rs1_val > 0 and rs2_val > 0 and rs1_val < rs2_val and imm_val > 0 ': 0
    rs1_val > 0 and rs2_val > 0 and rs1_val == rs2_val and imm_val < 0: 0
    rs1_val > 0 and rs2_val > 0 and rs1_val == rs2_val and imm_val > 0: 0
    'rs1_val > 0 and rs2_val > 0 and rs1_val > rs2_val and imm_val < 0 ': 0
    'rs1_val > 0 and rs2_val > 0 and rs1_val > rs2_val and imm_val > 0 ': 0
  c_regs:
    x10: 0
    x11: 0
    x12: 0
    x13: 0
    x14: 0
    x15: 0
    x8: 0
    x9: 0
  cbfmt_immval_sgn:
    imm_val == (-2**(6-1)): 0
    imm_val == (2**(6-1)-1): 0
    imm_val == 0: 0
    imm_val == 1: 0
  cbimm_val_walking:
    alternate("imm_val",6): 0
    walking_ones("imm_val", 6): 0
    walking_zeros("imm_val", 6): 0
  crfmt_val_comb_sgn:
    rs2_val < 0: 0
    rs2_val > 0: 0
  ifmt_base_immval_sgn:
    imm_val == (-2**(12-1)): 0
    imm_val == (2**(12-1)-1): 0
    imm_val == 0: 0
    imm_val == 1: 0
  ifmt_base_immval_unsgn:
    imm_val == (2**(12)-1): 0
    imm_val == 0: 0
    imm_val == 1: 0
  ifmt_base_shift:
    rs1_val < 0 and imm_val == (xlen-1): 0
    rs1_val < 0 and imm_val == 0: 0
    rs1_val < 0 and imm_val > 0 and imm_val < xlen: 0
    rs1_val == (-2**(xlen-1)) and imm_val >= 0 and imm_val < xlen: 0
    rs1_val == (2**(xlen-1)-1) and imm_val >= 0 and imm_val < xlen: 0
    rs1_val == 0 and imm_val >= 0 and imm_val < xlen: 0
    rs1_val == 1 and imm_val >= 0 and imm_val < xlen: 0
    rs1_val == imm_val and imm_val > 0 and imm_val < xlen: 0
    rs1_val > 0 and imm_val == (xlen-1): 0
    rs1_val > 0 and imm_val == 0: 0
    rs1_val > 0 and imm_val > 0 and imm_val < xlen: 0
  ifmt_base_shift_32w:
    rs1_val < 0 and imm_val == 0: 0
    rs1_val < 0 and imm_val == 31: 0
    rs1_val < 0 and imm_val > 0 and imm_val < 32: 0
    rs1_val == (-2**(xlen-1)) and imm_val >= 0 and imm_val < 32: 0
    rs1_val == (2**(xlen-1)-1) and imm_val >= 0 and imm_val < 32: 0
    rs1_val == 0 and imm_val >= 0 and imm_val < 32: 0
    rs1_val == 1 and imm_val >= 0 and imm_val < 32: 0
    rs1_val == imm_val and imm_val > 0 and imm_val < 32: 0
    rs1_val > 0 and imm_val == 0: 0
    rs1_val > 0 and imm_val == 31: 0
    rs1_val > 0 and imm_val > 0 and imm_val < 32: 0
  ifmt_immval_walking:
    alternate("imm_val",12): 0
    walking_ones("imm_val", 12): 0
    walking_zeros("imm_val", 12): 0
  ifmt_immval_walking_unsgn:
    alternate("imm_val",12,False): 0
    walking_ones("imm_val", 12,False): 0
    walking_zeros("imm_val", 12,False): 0
  ifmt_op_comb:
    rs1 != rd: 0
    rs1 == rd: 0
  ifmt_val_comb_sgn:
    rs1_val != imm_val: 0
    rs1_val < 0 and imm_val < 0: 0
    rs1_val < 0 and imm_val > 0: 0
    rs1_val == imm_val: 0
    rs1_val > 0 and imm_val < 0: 0
    rs1_val > 0 and imm_val > 0: 0
  ifmt_val_comb_unsgn:
    rs1_val != imm_val and rs1_val > 0 and imm_val > 0: 0
    rs1_val == imm_val and rs1_val > 0 and imm_val > 0: 0
  r4fmt_op_comb:
    rd == rs2 == rs3 != rs1: 0
    rs1 != rs2 and rs1 != rd and rs1 != rs3 and rs2 != rs3 and rs2 != rd and rs3 != rd: 0
    rs1 == rd != rs2 and rs1 == rd != rs3 and rs3 != rs2: 0
    rs1 == rd == rs3 != rs2: 0
    rs1 == rs2 != rs3 and rs1 == rs2 != rd and rd != rs3: 0
    rs1 == rs2 == rd != rs3: 0
    rs1 == rs2 == rs3 != rd: 0
    rs1 == rs2 == rs3 == rd: 0
    rs1 == rs3 != rs2 and rs1 == rs3 != rd and rd != rs2: 0
    rs2 == rd != rs1 and rs2 == rd != rs3 and rs3 != rs1: 0
    rs2 == rs3 != rs1 and rs2 == rs3 != rd and rd != rs1: 0
    rs3 == rd != rs1 and rs3 == rd != rs2 and rs2 != rs1: 0
  rfmt_base_shift:
    rs1_val < 0 and rs2_val == 0: 0
    rs1_val < 0 and rs2_val > 0 and rs2_val < xlen: 0
    rs1_val == (-2**(xlen-1)) and rs2_val >= 0 and rs2_val < xlen: 0
    rs1_val == (2**(xlen-1)-1) and rs2_val >= 0 and rs2_val < xlen: 0
    rs1_val == 0 and rs2_val >= 0 and rs2_val < xlen: 0
    rs1_val == 1 and rs2_val >= 0 and rs2_val < xlen: 0
    rs1_val == rs2_val and rs2_val > 0 and rs2_val < xlen: 0
    rs1_val > 0 and rs2_val == 0: 0
    rs1_val > 0 and rs2_val > 0 and rs2_val < xlen: 0
  rfmt_op_comb:
    rs1 != rs2  and rs1 != rd and rs2 != rd: 0
    rs1 == rd != rs2: 0
    rs1 == rs2 != rd: 0
    rs1 == rs2 == rd: 0
    rs2 == rd != rs1: 0
  rfmt_val_comb_sgn:
    rs1_val != rs2_val: 0
    rs1_val < 0 and rs2_val < 0: 0
    rs1_val < 0 and rs2_val > 0: 0
    rs1_val == rs2_val: 0
    rs1_val > 0 and rs2_val < 0: 0
    rs1_val > 0 and rs2_val > 0: 0
  rfmt_val_comb_unsgn:
    rs1_val != rs2_val and rs1_val > 0 and rs2_val > 0: 0
    rs1_val == rs2_val and rs1_val > 0 and rs2_val > 0: 0
    rs1_val > 0 and rs2_val > 0: 0
  rs1val_walking:
    alternate("rs1_val",xlen): 0
    walking_ones("rs1_val", xlen): 0
    walking_zeros("rs1_val", xlen): 0
  rs1val_walking_unsgn:
    alternate("rs1_val",xlen,False): 0
    walking_ones("rs1_val", xlen,False): 0
    walking_zeros("rs1_val", xlen,False): 0
  rs2val_walking:
    alternate("rs2_val",xlen): 0
    walking_ones("rs2_val", xlen): 0
    walking_zeros("rs2_val", xlen): 0
  rs2val_walking_unsgn:
    alternate("rs2_val",xlen,False): 0
    walking_ones("rs2_val", xlen,False): 0
    walking_zeros("rs2_val", xlen,False): 0
  rv32e_regs:
    x0: 0
    x1: 0
    x10: 0
    x11: 0
    x12: 0
    x13: 0
    x14: 0
    x15: 0
    x2: 0
    x3: 0
    x4: 0
    x5: 0
    x6: 0
    x7: 0
    x8: 0
    x9: 0
  rv32e_regs_mx0:
    x1: 0
    x10: 0
    x11: 0
    x12: 0
    x13: 0
    x14: 0
    x15: 0
    x2: 0
    x3: 0
    x4: 0
    x5: 0
    x6: 0
    x7: 0
    x8: 0
    x9: 0
  sfmt_op_comb:
    rs1 != rs2: 0
    rs1 == rs2: 0
fmv.w.x_b25:
  config:
  - check ISA:=regex(.*I.*F.*)
  opcode:
    fmv.w.x: 33
    coverage: 1/1
  rd:
    f0: 1
    f1: 1
    f10: 1
    f11: 2
    f12: 1
    f13: 1
    f14: 1
    f15: 1
    f16: 1
    f17: 1
    f18: 1
    f19: 1
    f2: 1
    f20: 1
    f21: 1
    f22: 1
    f23: 1
    f24: 1
    f25: 1
    f26: 1
    f27: 1
    f28: 1
    f29: 1
    f3: 1
    f30: 1
    f31: 1
    f4: 1
    f5: 1
    f6: 1
    f7: 1
    f8: 1
    f9: 1
    coverage: 32/32
  rs1:
    x0: 1
    x1: 1
    x10: 2
    x11: 1
    x12: 1
    x13: 1
    x14: 1
    x15: 1
    x16: 1
    x17: 1
    x18: 1
    x19: 1
    x2: 1
    x20: 1
    x21: 1
    x22: 1
    x23: 1
    x24: 1
    x25: 1
    x26: 1
    x27: 1
    x28: 1
    x29: 1
    x3: 1
    x30: 1
    x31: 1
    x4: 1
    x5: 1
    x6: 1
    x7: 1
    x8: 1
    x9: 1
    coverage: 32/32
  val_comb:
    'rs1_val == 0 and rm_val == 0  #nosat': 27  #  Number = 0
    'rs1_val == -1227077728 and rm_val == 0  #nosat': 1 #  Number = -ve Random Number
    'rs1_val == 1227077728 and rm_val == 0  #nosat': 1 #  Number = +ve Random Number
    'rs1_val == -2147483647 and rm_val == 0  #nosat': 1 #  Number = -MaxInt
    'rs1_val == 2147483647 and rm_val == 0  #nosat': 1 #  Number = MaxInt
    'rs1_val == -1 and rm_val == 0  #nosat': 1 #  Number = -1
    'rs1_val == 1 and rm_val == 0  #nosat': 1 #  Number = 1
    coverage: 7/7
  total_coverage: 72/72
fmv.w.x_b26:
  config:
  - check ISA:=regex(.*I.*F.*)
  opcode:
    fmv.w.x: 33
    coverage: 1/1
  rd:
    f0: 1
    f1: 1
    f10: 1
    f11: 2
    f12: 1
    f13: 1
    f14: 1
    f15: 1
    f16: 1
    f17: 1
    f18: 1
    f19: 1
    f2: 1
    f20: 1
    f21: 1
    f22: 1
    f23: 1
    f24: 1
    f25: 1
    f26: 1
    f27: 1
    f28: 1
    f29: 1
    f3: 1
    f30: 1
    f31: 1
    f4: 1
    f5: 1
    f6: 1
    f7: 1
    f8: 1
    f9: 1
    coverage: 32/32
  rs1:
    x0: 1
    x1: 1
    x10: 2
    x11: 1
    x12: 1
    x13: 1
    x14: 1
    x15: 1
    x16: 1
    x17: 1
    x18: 1
    x19: 1
    x2: 1
    x20: 1
    x21: 1
    x22: 1
    x23: 1
    x24: 1
    x25: 1
    x26: 1
    x27: 1
    x28: 1
    x29: 1
    x3: 1
    x30: 1
    x31: 1
    x4: 1
    x5: 1
    x6: 1
    x7: 1
    x8: 1
    x9: 1
    coverage: 32/32
  val_comb:
    'rs1_val == 0 and rm_val == 0  #nosat': 2  #  Number in [0]
    'rs1_val == 1587807073 and rm_val == 0  #nosat': 1 #  Random number chosen in the range: [1073741824, 2147483647]
    'rs1_val == 1027494066 and rm_val == 0  #nosat': 1 #  Random number chosen in the range: [536870912, 1073741823]
    'rs1_val == 339827553 and rm_val == 0  #nosat': 1 #  Random number chosen in the range: [268435456, 536870911]
    'rs1_val == 231549045 and rm_val == 0  #nosat': 1 #  Random number chosen in the range: [134217728, 268435455]
    'rs1_val == 107790943 and rm_val == 0  #nosat': 1 #  Random number chosen in the range: [67108864, 134217727]
    'rs1_val == 45276376 and rm_val == 0  #nosat': 1 #  Random number chosen in the range: [33554432, 67108863]
    'rs1_val == 32105925 and rm_val == 0  #nosat': 1 #  Random number chosen in the range: [16777216, 33554431]
    'rs1_val == 12789625 and rm_val == 0  #nosat': 1 #  Random number chosen in the range: [8388608, 16777215]
    'rs1_val == 6573466 and rm_val == 0  #nosat': 1 #  Random number chosen in the range: [4194304, 8388607]
    'rs1_val == 3864061 and rm_val == 0  #nosat': 1 #  Random number chosen in the range: [2097152, 4194303]
    'rs1_val == 1848861 and rm_val == 0  #nosat': 1 #  Random number chosen in the range: [1048576, 2097151]
    'rs1_val == 896618 and rm_val == 0  #nosat': 1 #  Random number chosen in the range: [524288, 1048575]
    'rs1_val == 334857 and rm_val == 0  #nosat': 1 #  Random number chosen in the range: [262144, 524287]
    'rs1_val == 241276 and rm_val == 0  #nosat': 1 #  Random number chosen in the range: [131072, 262143]
    'rs1_val == 71376 and rm_val == 0  #nosat': 1 #  Random number chosen in the range: [65536, 131071]
    'rs1_val == 56436 and rm_val == 0  #nosat': 1 #  Random number chosen in the range: [32768, 65535]
    'rs1_val == 24575 and rm_val == 0  #nosat': 1 #  Random number chosen in the range: [16384, 32767]
    'rs1_val == 9438 and rm_val == 0  #nosat': 1 #  Random number chosen in the range: [8192, 16383]
    'rs1_val == 6781 and rm_val == 0  #nosat': 1 #  Random number chosen in the range: [4096, 8191]
    'rs1_val == 4055 and rm_val == 0  #nosat': 1 #  Random number chosen in the range: [2048, 4095]
    'rs1_val == 1094 and rm_val == 0  #nosat': 1 #  Random number chosen in the range: [1024, 2047]
    'rs1_val == 676 and rm_val == 0  #nosat': 1 #  Random number chosen in the range: [512, 1023]
    'rs1_val == 398 and rm_val == 0  #nosat': 1 #  Random number chosen in the range: [256, 511]
    'rs1_val == 253 and rm_val == 0  #nosat': 1 #  Random number chosen in the range: [128, 255]
    'rs1_val == 123 and rm_val == 0  #nosat': 1 #  Random number chosen in the range: [64, 127]
    'rs1_val == 45 and rm_val == 0  #nosat': 1 #  Random number chosen in the range: [32, 63]
    'rs1_val == 16 and rm_val == 0  #nosat': 1 #  Random number chosen in the range: [16, 31]
    'rs1_val == 15 and rm_val == 0  #nosat': 1 #  Random number chosen in the range: [8, 15]
    'rs1_val == 7 and rm_val == 0  #nosat': 1 #  Random number chosen in the range: [4, 7]
    'rs1_val == 2 and rm_val == 0  #nosat': 1 #  Random number chosen in the range: [2, 3]
    'rs1_val == 1 and rm_val == 0  #nosat': 1 #  Number in [1]
    coverage: 32/32
  total_coverage: 97/97
fmv.x.w_b1:
  config:
  - check ISA:=regex(.*I.*F.*)
  opcode:
    fmv.x.w: 33
    coverage: 1/1
  rd:
    x0: 1
    x1: 1
    x10: 1
    x11: 2
    x12: 1
    x13: 1
    x14: 1
    x15: 1
    x16: 1
    x17: 1
    x18: 1
    x19: 1
    x2: 1
    x20: 1
    x21: 1
    x22: 1
    x23: 1
    x24: 1
    x25: 1
    x26: 1
    x27: 1
    x28: 1
    x29: 1
    x3: 1
    x30: 1
    x31: 1
    x4: 1
    x5: 1
    x6: 1
    x7: 1
    x8: 1
    x9: 1
    coverage: 32/32
  rs1:
    f0: 1
    f1: 1
    f10: 2
    f11: 1
    f12: 1
    f13: 1
    f14: 1
    f15: 1
    f16: 1
    f17: 1
    f18: 1
    f19: 1
    f2: 1
    f20: 1
    f21: 1
    f22: 1
    f23: 1
    f24: 1
    f25: 1
    f26: 1
    f27: 1
    f28: 1
    f29: 1
    f3: 1
    f30: 1
    f31: 1
    f4: 1
    f5: 1
    f6: 1
    f7: 1
    f8: 1
    f9: 1
    coverage: 32/32
  val_comb:
    'fs1 == 0 and fe1 == 0x00 and fm1 == 0x000000 and rm_val == 0  #nosat': 9  #  rs1_val==fzero(0x00000000)
    'fs1 == 1 and fe1 == 0x7f and fm1 == 0x000000 and rm_val == 0  #nosat': 1 #  rs1_val==fone(0xBF800000)
    'fs1 == 0 and fe1 == 0x7f and fm1 == 0x000000 and rm_val == 0  #nosat': 1 #  rs1_val==fone(0x3F800000)
    'fs1 == 1 and fe1 == 0xff and fm1 == 0x2aaaaa and rm_val == 0  #nosat': 1 #  rs1_val==fsnan(0xFFAAAAAA)
    'fs1 == 0 and fe1 == 0xff and fm1 == 0x000001 and rm_val == 0  #nosat': 1 #  rs1_val==fsnan(0x7F800001)
    'fs1 == 1 and fe1 == 0xff and fm1 == 0x455555 and rm_val == 0  #nosat': 1 #  rs1_val==fqnan(0xFFC55555)
    'fs1 == 0 and fe1 == 0xff and fm1 == 0x400001 and rm_val == 0  #nosat': 2 #  rs1_val==fqnan(0x7FC00001)
    'fs1 == 1 and fe1 == 0xff and fm1 == 0x400000 and rm_val == 0  #nosat': 1 #  rs1_val==fdefaultnan(0xFFC00000)
    'fs1 == 0 and fe1 == 0xff and fm1 == 0x400000 and rm_val == 0  #nosat': 1 #  rs1_val==fdefaultnan(0x7FC00000)
    'fs1 == 1 and fe1 == 0xff and fm1 == 0x000000 and rm_val == 0  #nosat': 1 #  rs1_val==finfinity(0xFF800000)
    'fs1 == 0 and fe1 == 0xff and fm1 == 0x000000 and rm_val == 0  #nosat': 1 #  rs1_val==finfinity(0x7F800000)
    'fs1 == 1 and fe1 == 0xfe and fm1 == 0x7fffff and rm_val == 0  #nosat': 1 #  rs1_val==fmaxnorm(0xFF7FFFFF)
    'fs1 == 0 and fe1 == 0xfe and fm1 == 0x7fffff and rm_val == 0  #nosat': 1 #  rs1_val==fmaxnorm(0x7F7FFFFF)
    'fs1 == 1 and fe1 == 0x01 and fm1 == 0x055555 and rm_val == 0  #nosat': 1 #  rs1_val==fnorm(0x80855555)
    'fs1 == 0 and fe1 == 0x01 and fm1 == 0x000001 and rm_val == 0  #nosat': 1 #  rs1_val==fnorm(0x00800001)
    'fs1 == 1 and fe1 == 0x01 and fm1 == 0x000000 and rm_val == 0  #nosat': 1 #  rs1_val==fminnorm(0x80800000)
    'fs1 == 0 and fe1 == 0x01 and fm1 == 0x000000 and rm_val == 0  #nosat': 1 #  rs1_val==fminnorm(0x00800000)
    'fs1 == 1 and fe1 == 0x00 and fm1 == 0x7fffff and rm_val == 0  #nosat': 1 #  rs1_val==fmaxsubnorm(0x807FFFFF)
    'fs1 == 0 and fe1 == 0x00 and fm1 == 0x7fffff and rm_val == 0  #nosat': 1 #  rs1_val==fmaxsubnorm(0x007FFFFF)
    'fs1 == 1 and fe1 == 0x00 and fm1 == 0x7ffffe and rm_val == 0  #nosat': 1 #  rs1_val==fsubnorm(0x807FFFFE)
    'fs1 == 0 and fe1 == 0x00 and fm1 == 0x000002 and rm_val == 0  #nosat': 1 #  rs1_val==fsubnorm(0x00000002)
    'fs1 == 1 and fe1 == 0x00 and fm1 == 0x000001 and rm_val == 0  #nosat': 1 #  rs1_val==fminsubnorm(0x80000001)
    'fs1 == 0 and fe1 == 0x00 and fm1 == 0x000001 and rm_val == 0  #nosat': 1 #  rs1_val==fminsubnorm(0x00000001)
    'fs1 == 1 and fe1 == 0x00 and fm1 == 0x000000 and rm_val == 0  #nosat': 1 #  rs1_val==fzero(0x80000000)
    coverage: 24/24
  total_coverage: 89/89
fmv.x.w_b22:
  config:
  - check ISA:=regex(.*I.*F.*)
  opcode:
    fmv.x.w: 32
    coverage: 1/1
  rd:
    x0: 1
    x1: 1
    x10: 1
    x11: 1
    x12: 1
    x13: 1
    x14: 1
    x15: 1
    x16: 1
    x17: 1
    x18: 1
    x19: 1
    x2: 1
    x20: 1
    x21: 1
    x22: 1
    x23: 1
    x24: 1
    x25: 1
    x26: 1
    x27: 1
    x28: 1
    x29: 1
    x3: 1
    x30: 1
    x31: 1
    x4: 1
    x5: 1
    x6: 1
    x7: 1
    x8: 1
    x9: 1
    coverage: 32/32
  rs1:
    f0: 1
    f1: 1
    f10: 1
    f11: 1
    f12: 1
    f13: 1
    f14: 1
    f15: 1
    f16: 1
    f17: 1
    f18: 1
    f19: 1
    f2: 1
    f20: 1
    f21: 1
    f22: 1
    f23: 1
    f24: 1
    f25: 1
    f26: 1
    f27: 1
    f28: 1
    f29: 1
    f3: 1
    f30: 1
    f31: 1
    f4: 1
    f5: 1
    f6: 1
    f7: 1
    f8: 1
    f9: 1
    coverage: 32/32
  val_comb:
    'fs1 == 0 and fe1 == 0x7c and fm1 == 0x4923b8 and rm_val == 0  #nosat': 1  #  rs1_val==fnorm(0x3e4923b8) | Exponent: -3, Exponent in the range [-3, integer width+3]
    'fs1 == 0 and fe1 == 0xc4 and fm1 == 0x046756 and rm_val == 0  #nosat': 1 #  rs1_val==fnorm(0x62046756) | Exponent: 69, Exponent greater than (integer width+3)
    'fs1 == 0 and fe1 == 0x67 and fm1 == 0x53a4fc and rm_val == 0  #nosat': 1 #  rs1_val==fnorm(0x33d3a4fc) | Exponent: -24, Exponent less than -3
    'fs1 == 0 and fe1 == 0x81 and fm1 == 0x696b5c and rm_val == 0  #nosat': 1 #  rs1_val==fnorm(0x40e96b5c) | Exponent: 2, Exponent in the range [-3, integer width+3]
    'fs1 == 0 and fe1 == 0x80 and fm1 == 0x681ae9 and rm_val == 0  #nosat': 1 #  rs1_val==fnorm(0x40681ae9) | Exponent: 1, Exponent in the range [-3, integer width+3]
    'fs1 == 0 and fe1 == 0x7f and fm1 == 0x1a616d and rm_val == 0  #nosat': 1 #  rs1_val==fnorm(0x3f9a616d) | Exponent: 0, Exponent in the range [-3, integer width+3]
    'fs1 == 0 and fe1 == 0x7e and fm1 == 0x49fee5 and rm_val == 0  #nosat': 1 #  rs1_val==fnorm(0x3f49fee5) | Exponent: -1, Exponent in the range [-3, integer width+3]
    'fs1 == 0 and fe1 == 0x7d and fm1 == 0x36e5d6 and rm_val == 0  #nosat': 1 #  rs1_val==fnorm(0x3eb6e5d6) | Exponent: -2, Exponent in the range [-3, integer width+3]
    coverage: 8/8
  total_coverage: 73/73
fmv.x.w_b23:
  config:
  - check ISA:=regex(.*I.*F.*)
  opcode:
    fmv.x.w: 32
    coverage: 1/1
  rd:
    x0: 1
    x1: 1
    x10: 1
    x11: 1
    x12: 1
    x13: 1
    x14: 1
    x15: 1
    x16: 1
    x17: 1
    x18: 1
    x19: 1
    x2: 1
    x20: 1
    x21: 1
    x22: 1
    x23: 1
    x24: 1
    x25: 1
    x26: 1
    x27: 1
    x28: 1
    x29: 1
    x3: 1
    x30: 1
    x31: 1
    x4: 1
    x5: 1
    x6: 1
    x7: 1
    x8: 1
    x9: 1
    coverage: 32/32
  rs1:
    f0: 1
    f1: 1
    f10: 1
    f11: 1
    f12: 1
    f13: 1
    f14: 1
    f15: 1
    f16: 1
    f17: 1
    f18: 1
    f19: 1
    f2: 1
    f20: 1
    f21: 1
    f22: 1
    f23: 1
    f24: 1
    f25: 1
    f26: 1
    f27: 1
    f28: 1
    f29: 1
    f3: 1
    f30: 1
    f31: 1
    f4: 1
    f5: 1
    f6: 1
    f7: 1
    f8: 1
    f9: 1
    coverage: 32/32
  val_comb:
    'fs1 == 0 and fe1 == 0x9d and fm1 == 0x7ffffc and rm_val == 0  #nosat': 1  #  rs1_val==fnorm(0x4efffffc) | MaxInt + (-4)
    'fs1 == 0 and fe1 == 0x9e and fm1 == 0x000004 and rm_val == 0  #nosat': 1 #  rs1_val==fnorm(0x4f000004) | MaxInt + (4)
    'fs1 == 0 and fe1 == 0x9e and fm1 == 0x000003 and rm_val == 0  #nosat': 1 #  rs1_val==fnorm(0x4f000003) | MaxInt + (3)
    'fs1 == 0 and fe1 == 0x9e and fm1 == 0x000002 and rm_val == 0  #nosat': 1 #  rs1_val==fnorm(0x4f000002) | MaxInt + (2)
    'fs1 == 0 and fe1 == 0x9e and fm1 == 0x000001 and rm_val == 0  #nosat': 1 #  rs1_val==fnorm(0x4f000001) | MaxInt + (1)
    'fs1 == 0 and fe1 == 0x9e and fm1 == 0x000000 and rm_val == 0  #nosat': 1 #  rs1_val==fnorm(0x4f000000) | MaxInt + (0)
    'fs1 == 0 and fe1 == 0x9d and fm1 == 0x7fffff and rm_val == 0  #nosat': 1 #  rs1_val==fnorm(0x4effffff) | MaxInt + (-1)
    'fs1 == 0 and fe1 == 0x9d and fm1 == 0x7ffffe and rm_val == 0  #nosat': 1 #  rs1_val==fnorm(0x4efffffe) | MaxInt + (-2)
    'fs1 == 0 and fe1 == 0x9d and fm1 == 0x7ffffd and rm_val == 0  #nosat': 1 #  rs1_val==fnorm(0x4efffffd) | MaxInt + (-3)
    coverage: 9/9
  total_coverage: 74/74
fmv.x.w_b24:
  config:
  - check ISA:=regex(.*I.*F.*)
  opcode:
    fmv.x.w: 33
    coverage: 1/1
  rd:
    x0: 1
    x1: 1
    x10: 1
    x11: 2
    x12: 1
    x13: 1
    x14: 1
    x15: 1
    x16: 1
    x17: 1
    x18: 1
    x19: 1
    x2: 1
    x20: 1
    x21: 1
    x22: 1
    x23: 1
    x24: 1
    x25: 1
    x26: 1
    x27: 1
    x28: 1
    x29: 1
    x3: 1
    x30: 1
    x31: 1
    x4: 1
    x5: 1
    x6: 1
    x7: 1
    x8: 1
    x9: 1
    coverage: 32/32
  rs1:
    f0: 1
    f1: 1
    f10: 2
    f11: 1
    f12: 1
    f13: 1
    f14: 1
    f15: 1
    f16: 1
    f17: 1
    f18: 1
    f19: 1
    f2: 1
    f20: 1
    f21: 1
    f22: 1
    f23: 1
    f24: 1
    f25: 1
    f26: 1
    f27: 1
    f28: 1
    f29: 1
    f3: 1
    f30: 1
    f31: 1
    f4: 1
    f5: 1
    f6: 1
    f7: 1
    f8: 1
    f9: 1
    coverage: 32/32
  val_comb:
    'fs1 == 1 and fe1 == 0x7b and fm1 == 0x4ccccc and rm_val == 0  #nosat': 1  #  rs1_val==fnorm(0xbdcccccc) | +0-0.1
    'fs1 == 0 and fe1 == 0x7f and fm1 == 0x000000 and rm_val == 0  #nosat': 1 #  rs1_val==fone(0x3f800000) | +1-0
    'fs1 == 0 and fe1 == 0x78 and fm1 == 0x23d70a and rm_val == 0  #nosat': 1 #  rs1_val==fnorm(0x3c23d70a) | +0+0.01
    'fs1 == 0 and fe1 == 0x7e and fm1 == 0x666666 and rm_val == 0  #nosat': 1 #  rs1_val==fnorm(0x3f666666) | +1-0.1
    'fs1 == 0 and fe1 == 0x7e and fm1 == 0x7d70a3 and rm_val == 0  #nosat': 1 #  rs1_val==fnorm(0x3f7d70a3) | +1-0.01
    'fs1 == 0 and fe1 == 0x7f and fm1 == 0x0ccccc and rm_val == 0  #nosat': 1 #  rs1_val==fnorm(0x3f8ccccc) | +1+0.1
    'fs1 == 0 and fe1 == 0x7b and fm1 == 0x4ccccc and rm_val == 0  #nosat': 1 #  rs1_val==fnorm(0x3dcccccc) | +0+0.1
    'fs1 == 0 and fe1 == 0x7b and fm1 == 0x6147ae and rm_val == 0  #nosat': 1 #  rs1_val==fnorm(0x3de147ae) | +0+0.11
    'fs1 == 1 and fe1 == 0x7b and fm1 == 0x6147ae and rm_val == 0  #nosat': 1 #  rs1_val==fnorm(0xbde147ae) | +0-0.11
    'fs1 == 1 and fe1 == 0x7e and fm1 == 0x63d70a and rm_val == 0  #nosat': 1 #  rs1_val==fnorm(0xbf63d70a) | -1+0.11
    'fs1 == 1 and fe1 == 0x7f and fm1 == 0x000000 and rm_val == 0  #nosat': 1 #  rs1_val==fone(0xbf800000) | -1+0
    'fs1 == 1 and fe1 == 0x7f and fm1 == 0x0ccccc and rm_val == 0  #nosat': 1 #  rs1_val==fnorm(0xbf8ccccc) | -1-0.1
    'fs1 == 1 and fe1 == 0x7f and fm1 == 0x0147ae and rm_val == 0  #nosat': 1 #  rs1_val==fnorm(0xbf8147ae) | -1-0.01
    'fs1 == 0 and fe1 == 0x00 and fm1 == 0x0007f0 and rm_val == 0  #nosat': 1 #  rs1_val==fsubnorm(0x000007f0) | -0-0
    'fs1 == 0 and fe1 == 0x7f and fm1 == 0x0147ae and rm_val == 0  #nosat': 2 #  rs1_val==fnorm(0x3f8147ae) | +1+0.01
    'fs1 == 1 and fe1 == 0x7f and fm1 == 0x0e147a and rm_val == 0  #nosat': 1 #  rs1_val==fnorm(0xbf8e147a) | -1-0.11
    'fs1 == 0 and fe1 == 0x7e and fm1 == 0x63d70a and rm_val == 0  #nosat': 1 #  rs1_val==fnorm(0x3f63d70a) | +1-0.11
    'fs1 == 1 and fe1 == 0x7e and fm1 == 0x666666 and rm_val == 0  #nosat': 1 #  rs1_val==fnorm(0xbf666666) | -1+0.1
    'fs1 == 1 and fe1 == 0x7e and fm1 == 0x7d70a3 and rm_val == 0  #nosat': 1 #  rs1_val==fnorm(0xbf7d70a3) | -1+0.01
    'fs1 == 0 and fe1 == 0x7f and fm1 == 0x0e147a and rm_val == 0  #nosat': 1 #  rs1_val==fnorm(0x3f8e147a) | +1+0.11
    'fs1 == 1 and fe1 == 0x78 and fm1 == 0x23d70a and rm_val == 0  #nosat': 1 #  rs1_val==fnorm(0xbc23d70a) | -0-0.01
    coverage: 21/21
  total_coverage: 86/86
fmv.x.w_b27:
  config:
  - check ISA:=regex(.*I.*F.*)
  opcode:
    fmv.x.w: 32
    coverage: 1/1
  rd:
    x0: 1
    x1: 1
    x10: 1
    x11: 1
    x12: 1
    x13: 1
    x14: 1
    x15: 1
    x16: 1
    x17: 1
    x18: 1
    x19: 1
    x2: 1
    x20: 1
    x21: 1
    x22: 1
    x23: 1
    x24: 1
    x25: 1
    x26: 1
    x27: 1
    x28: 1
    x29: 1
    x3: 1
    x30: 1
    x31: 1
    x4: 1
    x5: 1
    x6: 1
    x7: 1
    x8: 1
    x9: 1
    coverage: 32/32
  rs1:
    f0: 1
    f1: 1
    f10: 1
    f11: 1
    f12: 1
    f13: 1
    f14: 1
    f15: 1
    f16: 1
    f17: 1
    f18: 1
    f19: 1
    f2: 1
    f20: 1
    f21: 1
    f22: 1
    f23: 1
    f24: 1
    f25: 1
    f26: 1
    f27: 1
    f28: 1
    f29: 1
    f3: 1
    f30: 1
    f31: 1
    f4: 1
    f5: 1
    f6: 1
    f7: 1
    f8: 1
    f9: 1
    coverage: 32/32
  val_comb:
    'fs1 == 0 and fe1 == 0xff and fm1 == 0x000001 and rm_val == 0  #nosat': 1  #  rs1_val==fsnan(0x7F800001)
    'fs1 == 1 and fe1 == 0xff and fm1 == 0x455555 and rm_val == 0  #nosat': 1 #  rs1_val==fqnan(0xFFC55555)
    'fs1 == 0 and fe1 == 0xff and fm1 == 0x455555 and rm_val == 0  #nosat': 1 #  rs1_val==fqnan(0x7FC55555)
    'fs1 == 1 and fe1 == 0xff and fm1 == 0x400001 and rm_val == 0  #nosat': 1 #  rs1_val==fqnan(0xFFC00001)
    'fs1 == 0 and fe1 == 0xff and fm1 == 0x400001 and rm_val == 0  #nosat': 1 #  rs1_val==fqnan(0x7FC00001)
    'fs1 == 1 and fe1 == 0xff and fm1 == 0x2aaaaa and rm_val == 0  #nosat': 1 #  rs1_val==fsnan(0xFFAAAAAA)
    'fs1 == 0 and fe1 == 0xff and fm1 == 0x2aaaaa and rm_val == 0  #nosat': 1 #  rs1_val==fsnan(0x7FAAAAAA)
    'fs1 == 1 and fe1 == 0xff and fm1 == 0x000001 and rm_val == 0  #nosat': 1 #  rs1_val==fsnan(0xFF800001)
    coverage: 8/8
  total_coverage: 73/73
fmv.x.w_b28:
  config:
  - check ISA:=regex(.*I.*F.*)
  opcode:
    fmv.x.w: 32
    coverage: 1/1
  rd:
    x0: 1
    x1: 1
    x10: 1
    x11: 1
    x12: 1
    x13: 1
    x14: 1
    x15: 1
    x16: 1
    x17: 1
    x18: 1
    x19: 1
    x2: 1
    x20: 1
    x21: 1
    x22: 1
    x23: 1
    x24: 1
    x25: 1
    x26: 1
    x27: 1
    x28: 1
    x29: 1
    x3: 1
    x30: 1
    x31: 1
    x4: 1
    x5: 1
    x6: 1
    x7: 1
    x8: 1
    x9: 1
    coverage: 32/32
  rs1:
    f0: 1
    f1: 1
    f10: 1
    f11: 1
    f12: 1
    f13: 1
    f14: 1
    f15: 1
    f16: 1
    f17: 1
    f18: 1
    f19: 1
    f2: 1
    f20: 1
    f21: 1
    f22: 1
    f23: 1
    f24: 1
    f25: 1
    f26: 1
    f27: 1
    f28: 1
    f29: 1
    f3: 1
    f30: 1
    f31: 1
    f4: 1
    f5: 1
    f6: 1
    f7: 1
    f8: 1
    f9: 1
    coverage: 32/32
  val_comb:
    'fs1 == 0 and fe1 == 0x00 and fm1 == 0x000000 and rm_val == 0  #nosat': 5  #  rs1_val==fzero(0x00000000) | +0
    'fs1 == 1 and fe1 == 0xff and fm1 == 0x000000 and rm_val == 0  #nosat': 1 #  rs1_val==finfinity(0xFF800000) | -Infinity
    'fs1 == 1 and fe1 == 0x9e and fm1 == 0x000000 and rm_val == 0  #nosat': 1 #  rs1_val==fnorm(0xcf000000) | -MaxInt
    'fs1 == 1 and fe1 == 0x9d and fm1 == 0x4b3d25 and rm_val == 0  #nosat': 1 #  rs1_val==fnorm(0xcecb3d25) | A random number in the range (-1.11..11*2^precision, -1)
    'fs1 == 1 and fe1 == 0x7f and fm1 == 0x200000 and rm_val == 0  #nosat': 1 #  rs1_val==fnorm(0xbfa00000) | Number = -1.25 => Number ∈ [-2.75,-1)
    'fs1 == 1 and fe1 == 0x7f and fm1 == 0x400000 and rm_val == 0  #nosat': 1 #  rs1_val==fnorm(0xbfc00000) | Number = -1.5 => Number ∈ [-2.75,-1)
    'fs1 == 1 and fe1 == 0x7f and fm1 == 0x600000 and rm_val == 0  #nosat': 1 #  rs1_val==fnorm(0xbfe00000) | Number = -1.75 => Number ∈ [-2.75,-1)
    'fs1 == 1 and fe1 == 0x80 and fm1 == 0x000000 and rm_val == 0  #nosat': 1 #  rs1_val==fnorm(0xc0000000) | Number = -2.0 => Number ∈ [-2.75,-1)
    'fs1 == 1 and fe1 == 0x80 and fm1 == 0x100000 and rm_val == 0  #nosat': 1 #  rs1_val==fnorm(0xc0100000) | Number = -2.25 => Number ∈ [-2.75,-1)
    'fs1 == 1 and fe1 == 0x80 and fm1 == 0x200000 and rm_val == 0  #nosat': 1 #  rs1_val==fnorm(0xc0200000) | Number = -2.5 => Number ∈ [-2.75,-1)
    'fs1 == 1 and fe1 == 0x80 and fm1 == 0x300000 and rm_val == 0  #nosat': 1 #  rs1_val==fnorm(0xc0300000) | Number = -2.75 => Number ∈ [-2.75,-1)
    'fs1 == 1 and fe1 == 0x7f and fm1 == 0x000000 and rm_val == 0  #nosat': 1 #  rs1_val==fone(0xBF800000) | -1
    'fs1 == 1 and fe1 == 0x7d and fm1 == 0x58046a and rm_val == 0  #nosat': 1 #  rs1_val==fnorm(0xbed8046a) | A random number in the range (-1, -0)
    'fs1 == 1 and fe1 == 0x00 and fm1 == 0x000000 and rm_val == 0  #nosat': 1 #  rs1_val==fzero(0x80000000) | -0
    'fs1 == 0 and fe1 == 0xff and fm1 == 0x400001 and rm_val == 0  #nosat': 1 #  rs1_val==fqnan(0x7FC00001) | Quiet NaN
    'fs1 == 0 and fe1 == 0xff and fm1 == 0x000001 and rm_val == 0  #nosat': 1 #  rs1_val==fsnan(0x7F800001) | Signaling NaN
    'fs1 == 0 and fe1 == 0xff and fm1 == 0x000000 and rm_val == 0  #nosat': 1 #  rs1_val==finfinity(0x7F800000) | +Infinity
    'fs1 == 0 and fe1 == 0x9d and fm1 == 0x7fffff and rm_val == 0  #nosat': 1 #  rs1_val==fnorm(0x4effffff) | MaxInt
    'fs1 == 0 and fe1 == 0x9c and fm1 == 0x5b9758 and rm_val == 0  #nosat': 1 #  rs1_val==fnorm(0x4e5b9758) | A random number in the range (+1, +1.11..11*2^precision)
    'fs1 == 0 and fe1 == 0x80 and fm1 == 0x300000 and rm_val == 0  #nosat': 1 #  rs1_val==fnorm(0x40300000) | Number = 2.75 => Number ∈ (1,2.75]
    'fs1 == 0 and fe1 == 0x80 and fm1 == 0x200000 and rm_val == 0  #nosat': 1 #  rs1_val==fnorm(0x40200000) | Number = 2.5 => Number ∈ (1,2.75]
    'fs1 == 0 and fe1 == 0x80 and fm1 == 0x100000 and rm_val == 0  #nosat': 1 #  rs1_val==fnorm(0x40100000) | Number = 2.25 => Number ∈ (1,2.75]
    'fs1 == 0 and fe1 == 0x80 and fm1 == 0x000000 and rm_val == 0  #nosat': 1 #  rs1_val==fnorm(0x40000000) | Number = 2.0 => Number ∈ (1,2.75]
    'fs1 == 0 and fe1 == 0x7f and fm1 == 0x600000 and rm_val == 0  #nosat': 1 #  rs1_val==fnorm(0x3fe00000) | Number = 1.75 => Number ∈ (1,2.75]
    'fs1 == 0 and fe1 == 0x7f and fm1 == 0x400000 and rm_val == 0  #nosat': 1 #  rs1_val==fnorm(0x3fc00000) | Number = 1.5 => Number ∈ (1,2.75]
    'fs1 == 0 and fe1 == 0x7f and fm1 == 0x200000 and rm_val == 0  #nosat': 1 #  rs1_val==fnorm(0x3fa00000) | Number = 1.25 => Number ∈ (1,2.75]
    'fs1 == 0 and fe1 == 0x7f and fm1 == 0x000000 and rm_val == 0  #nosat': 1 #  rs1_val==fone(0x3F800000) | +1
    'fs1 == 0 and fe1 == 0x7e and fm1 == 0x124770 and rm_val == 0  #nosat': 1 #  rs1_val==fnorm(0x3f124770) | A random number in the range (+0, +1)
    coverage: 28/28
  total_coverage: 93/93
fmv.x.w_b29:
  config:
  - check ISA:=regex(.*I.*F.*)
  opcode:
    fmv.x.w: 32
    coverage: 1/1
  rd:
    x0: 1
    x1: 1
    x10: 1
    x11: 1
    x12: 1
    x13: 1
    x14: 1
    x15: 1
    x16: 1
    x17: 1
    x18: 1
    x19: 1
    x2: 1
    x20: 1
    x21: 1
    x22: 1
    x23: 1
    x24: 1
    x25: 1
    x26: 1
    x27: 1
    x28: 1
    x29: 1
    x3: 1
    x30: 1
    x31: 1
    x4: 1
    x5: 1
    x6: 1
    x7: 1
    x8: 1
    x9: 1
    coverage: 32/32
  rs1:
    f0: 1
    f1: 1
    f10: 1
    f11: 1
    f12: 1
    f13: 1
    f14: 1
    f15: 1
    f16: 1
    f17: 1
    f18: 1
    f19: 1
    f2: 1
    f20: 1
    f21: 1
    f22: 1
    f23: 1
    f24: 1
    f25: 1
    f26: 1
    f27: 1
    f28: 1
    f29: 1
    f3: 1
    f30: 1
    f31: 1
    f4: 1
    f5: 1
    f6: 1
    f7: 1
    f8: 1
    f9: 1
    coverage: 32/32
  val_comb:
    'fs1 == 0 and fe1 == 0x7c and fm1 == 0x4923b8 and rm_val == 0  #nosat': 1  #  rs1_val==fnorm(0x3e4923b8) | Exp = -3; Sign = 0; LSB = 0; Guard = 0; Sticky = 0
    'fs1 == 1 and fe1 == 0x7c and fm1 == 0x4923bf and rm_val == 0  #nosat': 1 #  rs1_val==fnorm(0xbe4923bf) | Exp = -3; Sign = 1; LSB = 1; Guard = 1; Sticky = 1
    'fs1 == 1 and fe1 == 0x7c and fm1 == 0x4923be and rm_val == 0  #nosat': 1 #  rs1_val==fnorm(0xbe4923be) | Exp = -3; Sign = 1; LSB = 1; Guard = 1; Sticky = 0
    'fs1 == 1 and fe1 == 0x7c and fm1 == 0x4923bd and rm_val == 0  #nosat': 1 #  rs1_val==fnorm(0xbe4923bd) | Exp = -3; Sign = 1; LSB = 1; Guard = 0; Sticky = 1
    'fs1 == 1 and fe1 == 0x7c and fm1 == 0x4923bc and rm_val == 0  #nosat': 1 #  rs1_val==fnorm(0xbe4923bc) | Exp = -3; Sign = 1; LSB = 1; Guard = 0; Sticky = 0
    'fs1 == 1 and fe1 == 0x7c and fm1 == 0x4923bb and rm_val == 0  #nosat': 1 #  rs1_val==fnorm(0xbe4923bb) | Exp = -3; Sign = 1; LSB = 0; Guard = 1; Sticky = 1
    'fs1 == 1 and fe1 == 0x7c and fm1 == 0x4923ba and rm_val == 0  #nosat': 1 #  rs1_val==fnorm(0xbe4923ba) | Exp = -3; Sign = 1; LSB = 0; Guard = 1; Sticky = 0
    'fs1 == 1 and fe1 == 0x7c and fm1 == 0x4923b9 and rm_val == 0  #nosat': 1 #  rs1_val==fnorm(0xbe4923b9) | Exp = -3; Sign = 1; LSB = 0; Guard = 0; Sticky = 1
    'fs1 == 1 and fe1 == 0x7c and fm1 == 0x4923b8 and rm_val == 0  #nosat': 1 #  rs1_val==fnorm(0xbe4923b8) | Exp = -3; Sign = 1; LSB = 0; Guard = 0; Sticky = 0
    'fs1 == 0 and fe1 == 0x7c and fm1 == 0x4923bf and rm_val == 0  #nosat': 1 #  rs1_val==fnorm(0x3e4923bf) | Exp = -3; Sign = 0; LSB = 1; Guard = 1; Sticky = 1
    'fs1 == 0 and fe1 == 0x7c and fm1 == 0x4923be and rm_val == 0  #nosat': 1 #  rs1_val==fnorm(0x3e4923be) | Exp = -3; Sign = 0; LSB = 1; Guard = 1; Sticky = 0
    'fs1 == 0 and fe1 == 0x7c and fm1 == 0x4923bd and rm_val == 0  #nosat': 1 #  rs1_val==fnorm(0x3e4923bd) | Exp = -3; Sign = 0; LSB = 1; Guard = 0; Sticky = 1
    'fs1 == 0 and fe1 == 0x7c and fm1 == 0x4923bc and rm_val == 0  #nosat': 1 #  rs1_val==fnorm(0x3e4923bc) | Exp = -3; Sign = 0; LSB = 1; Guard = 0; Sticky = 0
    'fs1 == 0 and fe1 == 0x7c and fm1 == 0x4923bb and rm_val == 0  #nosat': 1 #  rs1_val==fnorm(0x3e4923bb) | Exp = -3; Sign = 0; LSB = 0; Guard = 1; Sticky = 1
    'fs1 == 0 and fe1 == 0x7c and fm1 == 0x4923ba and rm_val == 0  #nosat': 1 #  rs1_val==fnorm(0x3e4923ba) | Exp = -3; Sign = 0; LSB = 0; Guard = 1; Sticky = 0
    'fs1 == 0 and fe1 == 0x7c and fm1 == 0x4923b9 and rm_val == 0  #nosat': 1 #  rs1_val==fnorm(0x3e4923b9) | Exp = -3; Sign = 0; LSB = 0; Guard = 0; Sticky = 1
    coverage: 16/16
  total_coverage: 81/81
